// Jest Snapshot v1, https://goo.gl/fbAQLP

exports[`QuoterV2 quotes #quoteExactInput 0 -> 2 -> 1 1`] = `307512`;

exports[`QuoterV2 quotes #quoteExactInput 0 -> 2 cross 0 tick, starting tick initialized 1`] = `139854`;

exports[`QuoterV2 quotes #quoteExactInput 0 -> 2 cross 0 tick, starting tick not initialized 1`] = `113294`;

exports[`QuoterV2 quotes #quoteExactInput 0 -> 2 cross 1 tick 1`] = `159769`;

exports[`QuoterV2 quotes #quoteExactInput 0 -> 2 cross 2 tick 1`] = `199692`;

exports[`QuoterV2 quotes #quoteExactInput 0 -> 2 cross 2 tick where after is initialized 1`] = `159807`;

exports[`QuoterV2 quotes #quoteExactInput 2 -> 0 cross 0 tick, starting tick initialized 1`] = `110649`;

exports[`QuoterV2 quotes #quoteExactInput 2 -> 0 cross 0 tick, starting tick not initialized 1`] = `106093`;

exports[`QuoterV2 quotes #quoteExactInput 2 -> 0 cross 2 1`] = `192487`;

exports[`QuoterV2 quotes #quoteExactInput 2 -> 0 cross 2 where tick after is initialized 1`] = `192495`;

exports[`QuoterV2 quotes #quoteExactInput 2 -> 1 1`] = `110324`;

exports[`QuoterV2 quotes #quoteExactInputSingle 0 -> 2 1`] = `199674`;

exports[`QuoterV2 quotes #quoteExactInputSingle 2 -> 0 1`] = `192459`;

exports[`QuoterV2 quotes #quoteExactOutput 0 -> 2 -> 1 1`] = `307112`;

exports[`QuoterV2 quotes #quoteExactOutput 0 -> 2 cross 0 tick starting tick initialized 1`] = `139409`;

exports[`QuoterV2 quotes #quoteExactOutput 0 -> 2 cross 0 tick starting tick not initialized 1`] = `112869`;

exports[`QuoterV2 quotes #quoteExactOutput 0 -> 2 cross 1 tick 1`] = `159055`;

exports[`QuoterV2 quotes #quoteExactOutput 0 -> 2 cross 2 tick 1`] = `198734`;

exports[`QuoterV2 quotes #quoteExactOutput 0 -> 2 cross 2 where tick after is initialized 1`] = `159093`;

exports[`QuoterV2 quotes #quoteExactOutput 2 -> 0 cross 1 tick 1`] = `152886`;

exports[`QuoterV2 quotes #quoteExactOutput 2 -> 0 cross 2 ticks 1`] = `192557`;

exports[`QuoterV2 quotes #quoteExactOutput 2 -> 0 cross 2 where tick after is initialized 1`] = `192551`;

exports[`QuoterV2 quotes #quoteExactOutput 2 -> 1 1`] = `110865`;

exports[`QuoterV2 quotes #quoteExactOutputSingle 0 -> 1 1`] = `118212`;

exports[`QuoterV2 quotes #quoteExactOutputSingle 1 -> 0 1`] = `111506`;
